// Jest Snapshot v1, https://goo.gl/fbAQLP

exports[`Icon icon render successfully 1`] = `
<svg
  className="icon"
>
  <use
    xlinkHref="#cake"
  />
</svg>
`;
