// Jest Snapshot v1, https://goo.gl/fbAQLP

exports[`button is a div tag 1`] = `
<button>
  btn
</button>
`;
